[mintgreatgoats.com/index.html]
[backblue.gif]
[fade.gif]
[index.html]
[greatgoats.io/assets/images/icon.png]
[mintgreatgoats.com/ajax/libs/font-awesome/5.15.4/css/all.min.css]
[mintgreatgoats.com/assets/css/normalize.css]
[mintgreatgoats.com/assets/css/style06d506d5.css]
[mintgreatgoats.com/img/icon.png]
[mintgreatgoats.com/assets/img/solana.png]
[mintgreatgoats.com/assets/js/jquery-3.6.0.min.js]
[mintgreatgoats.com/assets/js/slick.min.js]
[mintgreatgoats.com/index-2.html]
[mintgreatgoats.com/static/js/main.chunk.js]
[mintgreatgoats.com/assets/js/tokenup.js]
[mintgreatgoats.com/index.html]
[mintgreatgoats.com/assets/images/headerBG.html]
[mintgreatgoats.com/ajax/libs/font-awesome/5.15.4/webfonts/fa-brands-400.html]
[mintgreatgoats.com/ajax/libs/font-awesome/5.15.4/webfonts/fa-brands-400-1.html]
[mintgreatgoats.com/ajax/libs/font-awesome/5.15.4/webfonts/fa-brands-400.woff2]
[mintgreatgoats.com/ajax/libs/font-awesome/5.15.4/webfonts/fa-brands-401.html]
[mintgreatgoats.com/ajax/libs/font-awesome/5.15.4/webfonts/fa-brands-402.html]
[mintgreatgoats.com/ajax/libs/font-awesome/5.15.4/webfonts/fa-brands-403.html]
[mintgreatgoats.com/ajax/libs/font-awesome/5.15.4/webfonts/fa-regular-400.html]
[mintgreatgoats.com/static/js/chunk.js]
[mintgreatgoats.com/ajax/libs/font-awesome/5.15.4/webfonts/fa-regular-400-1.html]
[mintgreatgoats.com/ajax/libs/font-awesome/5.15.4/webfonts/fa-regular-401.html]
[mintgreatgoats.com/ajax/libs/font-awesome/5.15.4/webfonts/fa-regular-402.html]
[mintgreatgoats.com/ajax/libs/font-awesome/5.15.4/webfonts/fa-regular-403.html]
[mintgreatgoats.com/ajax/libs/font-awesome/5.15.4/webfonts/fa-regular-404.html]
[mintgreatgoats.com/ajax/libs/font-awesome/5.15.4/webfonts/fa-solid-900.html]
[mintgreatgoats.com/ajax/libs/font-awesome/5.15.4/webfonts/fa-solid-900-1.html]
[mintgreatgoats.com/ajax/libs/font-awesome/5.15.4/webfonts/fa-solid-901.html]
[mintgreatgoats.com/ajax/libs/font-awesome/5.15.4/webfonts/fa-solid-902.html]
[mintgreatgoats.com/ajax/libs/font-awesome/5.15.4/webfonts/fa-solid-903.html]
[mintgreatgoats.com/ajax/libs/font-awesome/5.15.4/webfonts/fa-solid-904.html]
[mintgreatgoats.com/ajax/libs/font-awesome/5.15.4/css/all.min.css]
[mintgreatgoats.com/assets/css/normalize.css]
[mintgreatgoats.com/css2.html]
[mintgreatgoats.com/assets/css/style06d506d5.css]
[greatgoats.io/assets/images/great-goat.png]
[mintgreatgoats.com/goatmap.html]
[mintgreatgoats.com/farm.html]
[mintgreatgoats.com/index-2.html]
[mintgreatgoats.com/ajax/libs/font-awesome/5.15.4/webfonts/fa-brands-400.html]
[mintgreatgoats.com/ajax/libs/font-awesome/5.15.4/webfonts/fa-brands-400-1.html]
[mintgreatgoats.com/ajax/libs/font-awesome/5.15.4/webfonts/fa-brands-401.html]
[mintgreatgoats.com/ajax/libs/font-awesome/5.15.4/webfonts/fa-brands-402.html]
[mintgreatgoats.com/ajax/libs/font-awesome/5.15.4/webfonts/fa-brands-403.html]
[mintgreatgoats.com/ajax/libs/font-awesome/5.15.4/webfonts/fa-regular-400.html]
[mintgreatgoats.com/ajax/libs/font-awesome/5.15.4/webfonts/fa-regular-400-1.html]
[mintgreatgoats.com/ajax/libs/font-awesome/5.15.4/webfonts/fa-regular-401.html]
[mintgreatgoats.com/ajax/libs/font-awesome/5.15.4/webfonts/fa-regular-402.html]
[mintgreatgoats.com/ajax/libs/font-awesome/5.15.4/webfonts/fa-regular-403.html]
[mintgreatgoats.com/ajax/libs/font-awesome/5.15.4/webfonts/fa-regular-404.html]
[mintgreatgoats.com/ajax/libs/font-awesome/5.15.4/webfonts/fa-solid-900.html]
[mintgreatgoats.com/ajax/libs/font-awesome/5.15.4/webfonts/fa-solid-900-1.html]
[mintgreatgoats.com/ajax/libs/font-awesome/5.15.4/webfonts/fa-solid-901.html]
[mintgreatgoats.com/ajax/libs/font-awesome/5.15.4/webfonts/fa-solid-902.html]
[mintgreatgoats.com/ajax/libs/font-awesome/5.15.4/webfonts/fa-solid-903.html]
[mintgreatgoats.com/ajax/libs/font-awesome/5.15.4/webfonts/fa-solid-904.html]
[mintgreatgoats.com/css2.html]
